======================================================================
DEBUG from "_main_job", line 250 of /home/oreste/Public/tvp-freeports/analysis_finance_reports/packages/freeports_core/src/freeports/_internals/cli/main.py
Starting job with configuration {'VERBOSITY': 5, 'N_WORKERS': 20, 'BATCH_FILE': None, 'SAVE_PDF': False, 'URL': None, 'PDF': PosixPath('tests/formats/ANIMA_SICAV-EN24/report.pdf'), 'FORMAT': 'ANIMA_SICAV-EN24', 'CONFIG_FILE': PosixPath('/home/oreste/.config/freeports.yaml'), 'TARGET_LISTS': ['TEST'], 'PREFIX_OUT': None, 'OUT_PROFILE': <OutStructureNormalMode.REGULAR: 1>, 'OUT_FLAGS': <OutFlagsNormalMode: 0>, 'OUT_PATH': PosixPath('out'), 'INPUT_DB_PATH': PosixPath('tests/input_db'), 'FORMATS_REPO_PATH': PosixPath('.')}
======================================================================
DEBUG from "_get_document", line 135 of /home/oreste/Public/tvp-freeports/analysis_finance_reports/packages/freeports_core/src/freeports/_internals/cli/main.py
Local PDF file used tests/formats/ANIMA_SICAV-EN24/report.pdf [ANIMA_SICAV-EN24 format]
======================================================================
INFO from "_main_job", line 255 of /home/oreste/Public/tvp-freeports/analysis_finance_reports/packages/freeports_core/src/freeports/_internals/cli/main.py
Starting decoding pdf to python dict...
======================================================================
DEBUG from "_main_job", line 257 of /home/oreste/Public/tvp-freeports/analysis_finance_reports/packages/freeports_core/src/freeports/_internals/cli/main.py
End decoding pdf to python dict!
======================================================================
DEBUG from "_main_job", line 262 of /home/oreste/Public/tvp-freeports/analysis_finance_reports/packages/freeports_core/src/freeports/_internals/cli/main.py
First 5 targets:
                                      Name       Symbols                Buds                  Regexs
Name                                                                                                
AP Møller Mærsk           ap moller maersk      [MAERAC]    [maersk, moller]    [\bmaersk, \bmoller]
Airbnb                              airbnb  [ABNB, AIRB]              [abnb]                [\babnb]
Alphabet                          alphabet       [GOOGL]  [alphabet, google]  [\balphabet\b, google]
Altice International  altice international            []            [altice]              [\baltice]
Amazon                              amazon        [AMZN]            [amazon]            [\bamazon\b]
